// Jest Snapshot v1, https://goo.gl/fbAQLP

exports[`Component >>> App Render App 1`] = `undefined`;
